C:/Users/iniad/STM32CubeIDE/workspace_2/mtk3bsp2_stm32n657/FSBL/mtk3_bsp2/mtkernel/include/sys/queue.h:71:13:QueRemove	0	static
../mtk3_bsp2/mtkernel/kernel/tkernel/time_calls.h:48:15:knl_cyc_next_time	8	static
../mtk3_bsp2/mtkernel/kernel/tkernel/time_calls.c:588:13:knl_call_almhdr	8	static
../mtk3_bsp2/mtkernel/kernel/tkernel/time_calls.h:68:13:knl_cyc_timer_insert	0	static
../mtk3_bsp2/mtkernel/kernel/tkernel/time_calls.c:185:13:knl_call_cychdr	8	static
../mtk3_bsp2/mtkernel/kernel/tkernel/time_calls.c:36:12:tk_set_utc	16	static
../mtk3_bsp2/mtkernel/kernel/tkernel/time_calls.c:52:12:tk_get_utc	16	static
../mtk3_bsp2/mtkernel/kernel/tkernel/time_calls.c:66:12:tk_set_tim	16	static
../mtk3_bsp2/mtkernel/kernel/tkernel/time_calls.c:85:12:tk_get_tim	24	static
../mtk3_bsp2/mtkernel/kernel/tkernel/time_calls.c:103:12:tk_get_otm	16	static
../mtk3_bsp2/mtkernel/kernel/tkernel/time_calls.c:161:11:knl_cyclichandler_initialize	16	static
../mtk3_bsp2/mtkernel/kernel/tkernel/time_calls.c:214:12:tk_cre_cyc	16	static
../mtk3_bsp2/mtkernel/kernel/tkernel/time_calls.c:290:12:tk_del_cyc	16	static
../mtk3_bsp2/mtkernel/kernel/tkernel/time_calls.c:322:12:tk_sta_cyc	32	static
../mtk3_bsp2/mtkernel/kernel/tkernel/time_calls.c:379:12:tk_stp_cyc	16	static
../mtk3_bsp2/mtkernel/kernel/tkernel/time_calls.c:408:12:tk_ref_cyc	32	static
../mtk3_bsp2/mtkernel/kernel/tkernel/time_calls.c:564:11:knl_alarmhandler_initialize	16	static
../mtk3_bsp2/mtkernel/kernel/tkernel/time_calls.c:602:12:tk_cre_alm	16	static
../mtk3_bsp2/mtkernel/kernel/tkernel/time_calls.c:649:12:tk_del_alm	16	static
../mtk3_bsp2/mtkernel/kernel/tkernel/time_calls.c:694:12:tk_sta_alm	24	static
../mtk3_bsp2/mtkernel/kernel/tkernel/time_calls.c:734:12:tk_stp_alm	16	static
../mtk3_bsp2/mtkernel/kernel/tkernel/time_calls.c:763:12:tk_ref_alm	24	static
