../Drivers/BSP/Components/IMX335/imx335.c:379:16:IMX335_ReadRegWrap	4	static
../Drivers/BSP/Components/IMX335/imx335.c:394:16:IMX335_WriteRegWrap	4	static
../Drivers/BSP/Components/IMX335/imx335.c:506:9:IMX335_DeInit	0	static
../Drivers/BSP/Components/IMX335/imx335.c:551:9:IMX335_GetCapabilities	0	static
../Drivers/BSP/Components/IMX335/imx335.c:336:16:IMX335_WriteTable	24	static
../Drivers/BSP/Components/IMX335/imx335.c:721:9:IMX335_SetFrequency	8	static
../Drivers/BSP/Components/IMX335/imx335.c:816:9:IMX335_MirrorFlipConfig	0	static
../Drivers/BSP/Components/IMX335/imx335.c:623:9:IMX335_SetGain	32	static
../Drivers/BSP/Components/IMX335/imx335.c:858:9:IMX335_SetTestPattern	16	static
../Drivers/BSP/Components/IMX335/imx335.c:523:9:IMX335_ReadID	24	static
../Drivers/BSP/Components/IMX335/imx335.c:668:9:IMX335_SetExposure	32	static
../Drivers/BSP/Components/IMX335/imx335.c:589:9:IMX335_GetSensorInfo	8	static
../Drivers/BSP/Components/IMX335/imx335.c:454:9:IMX335_Init	24	static
../Drivers/BSP/Components/IMX335/imx335.c:413:9:IMX335_RegisterBusIO	0	static
../Drivers/BSP/Components/IMX335/imx335.c:769:9:IMX335_SetFramerate	8	static
