../Middlewares/STM32_ISP/isp_core.c:54:19:ISP_Init	32	static
../Middlewares/STM32_ISP/isp_core.c:170:19:ISP_DeInit	16	static
../Middlewares/STM32_ISP/isp_core.c:198:19:ISP_Start	24	static
../Middlewares/STM32_ISP/isp_core.c:320:19:ISP_BackgroundProcess	16	static
../Middlewares/STM32_ISP/isp_core.c:371:19:ISP_SetExposureTarget	16	static
../Middlewares/STM32_ISP/isp_core.c:389:19:ISP_GetExposureTarget	16	static
../Middlewares/STM32_ISP/isp_core.c:407:19:ISP_SetAECState	8	static
../Middlewares/STM32_ISP/isp_core.c:424:19:ISP_GetAECState	8	static
../Middlewares/STM32_ISP/isp_core.c:441:19:ISP_ListWBRefModes	8	static
../Middlewares/STM32_ISP/isp_core.c:461:19:ISP_SetWBRefMode	72	static
../Middlewares/STM32_ISP/isp_core.c:534:19:ISP_GetWBRefMode	16	static
../Middlewares/STM32_ISP/isp_core.c:555:19:ISP_GetDecimationFactor	0	static
../Middlewares/STM32_ISP/isp_core.c:567:19:ISP_SetStatArea	0	static
../Middlewares/STM32_ISP/isp_core.c:579:19:ISP_GetStatArea	0	static
../Middlewares/STM32_ISP/isp_core.c:590:6:ISP_GatherStatistics	0	static
../Middlewares/STM32_ISP/isp_core.c:601:6:ISP_IncMainFrameId	0	static
../Middlewares/STM32_ISP/isp_core.c:612:10:ISP_GetMainFrameId	0	static
../Middlewares/STM32_ISP/isp_core.c:623:6:ISP_IncAncillaryFrameId	0	static
../Middlewares/STM32_ISP/isp_core.c:634:10:ISP_GetAncillaryFrameId	0	static
../Middlewares/STM32_ISP/isp_core.c:645:6:ISP_IncDumpFrameId	0	static
../Middlewares/STM32_ISP/isp_core.c:656:10:ISP_GetDumpFrameId	0	static
../Middlewares/STM32_ISP/isp_core.c:667:6:ISP_OutputMeta	24	static
