../Middlewares/STM32_ISP/isp_algo.c:159:19:ISP_Algo_BadPixel_Init	0	static
../Middlewares/STM32_ISP/isp_algo.c:175:19:ISP_Algo_BadPixel_DeInit	0	static
../Middlewares/STM32_ISP/isp_algo.c:358:19:ISP_Algo_AEC_StatCb	0	static
../Middlewares/STM32_ISP/isp_algo.c:652:19:ISP_Algo_AWB_StatCb	0	static
../Middlewares/STM32_ISP/isp_algo.c:190:19:ISP_Algo_BadPixel_Process	32	static
../Middlewares/STM32_ISP/isp_algo.c:340:19:ISP_Algo_AEC_DeInit	8	static
../Middlewares/STM32_ISP/isp_algo.c:275:19:ISP_Algo_AEC_Init	32	static
../Middlewares/STM32_ISP/isp_algo.c:260:13:log_cb	8	static
../Middlewares/STM32_ISP/isp_algo.c:374:19:ISP_Algo_AEC_Process	48	static
../Middlewares/STM32_ISP/isp_algo.c:607:19:ISP_Algo_AWB_Init	8	static
../Middlewares/STM32_ISP/isp_algo.c:633:19:ISP_Algo_AWB_DeInit	8	static
../Middlewares/STM32_ISP/isp_algo.c:500:8:ISP_Algo_ApplyGammaInverse	16	static
../Middlewares/STM32_ISP/isp_algo.c:521:6:ISP_Algo_GetUpStat	56	static
../Middlewares/STM32_ISP/isp_algo.c:567:6:ISP_Algo_ApplyCConv	72	static
../Middlewares/STM32_ISP/isp_algo.c:671:19:ISP_Algo_AWB_Process	176	static
../Middlewares/STM32_ISP/isp_algo.c:1185:19:ISP_Algo_Init	16	static
../Middlewares/STM32_ISP/isp_algo.c:1215:19:ISP_Algo_DeInit	16	static
../Middlewares/STM32_ISP/isp_algo.c:1243:19:ISP_Algo_Process	16	static
