../Core/Src/isp_services_stub.c:24:9:ISP_SVC_IQParam_Init	8	static
../Core/Src/isp_services_stub.c:32:9:ISP_SVC_IQParam_Get	0	static
../Core/Src/isp_services_stub.c:56:9:ISP_SVC_ISP_SetBadPixel	0	static
../Core/Src/isp_services_stub.c:62:9:ISP_SVC_ISP_GetBadPixel	8	static
../Core/Src/isp_services_stub.c:69:9:ISP_SVC_ISP_SetBlackLevel	0	static
../Core/Src/isp_services_stub.c:75:9:ISP_SVC_ISP_GetBlackLevel	0	static
../Core/Src/isp_services_stub.c:82:9:ISP_SVC_ISP_SetGain	0	static
../Core/Src/isp_services_stub.c:88:9:ISP_SVC_ISP_GetGain	0	static
../Core/Src/isp_services_stub.c:95:9:ISP_SVC_ISP_SetColorConv	0	static
../Core/Src/isp_services_stub.c:101:9:ISP_SVC_ISP_GetColorConv	0	static
../Core/Src/isp_services_stub.c:112:9:ISP_SVC_ISP_SetContrast	0	static
../Core/Src/isp_services_stub.c:118:9:ISP_SVC_ISP_SetDecimation	0	static
../Core/Src/isp_services_stub.c:124:9:ISP_SVC_ISP_SetDemosaicing	0	static
../Core/Src/isp_services_stub.c:130:9:ISP_SVC_ISP_SetGamma	0	static
../Core/Src/isp_services_stub.c:136:9:ISP_SVC_ISP_SetStatArea	0	static
../Core/Src/isp_services_stub.c:142:9:ISP_SVC_ISP_SetStatRemoval	0	static
../Core/Src/isp_services_stub.c:152:9:ISP_SVC_Sensor_GetInfo	8	static
../Core/Src/isp_services_stub.c:160:9:ISP_SVC_Sensor_SetGain	0	static
../Core/Src/isp_services_stub.c:166:9:ISP_SVC_Sensor_GetGain	0	static
../Core/Src/isp_services_stub.c:173:9:ISP_SVC_Sensor_SetExposure	0	static
../Core/Src/isp_services_stub.c:179:9:ISP_SVC_Sensor_GetExposure	0	static
../Core/Src/isp_services_stub.c:190:9:ISP_SVC_Stats_Init	0	static
../Core/Src/isp_services_stub.c:197:9:ISP_SVC_Stats_GetNext	8	static
../Core/Src/isp_services_stub.c:205:9:ISP_SVC_Stats_ProcessCallbacks	0	static
../Core/Src/isp_services_stub.c:215:9:ISP_SVC_Misc_IsDCMIPPReady	0	static
../Core/Src/isp_services_stub.c:220:9:ISP_SVC_Misc_IsGammaEnabled	0	static
../Core/Src/isp_services_stub.c:225:10:ISP_SVC_Misc_GetMainFrameId	0	static
