C:/Users/iniad/STM32CubeIDE/workspace_2/mtk3bsp2_stm32n657/FSBL/Drivers/STM32N6xx_HAL_Driver/Inc/stm32n6xx_ll_bus.h:1407:22:LL_AHB4_GRP1_EnableClock	8	static
../Core/Src/main.c:1095:26:GetSensorGainHelper	0	static
../Core/Src/main.c:1117:26:GetSensorExposureHelper	0	static
../Core/Src/main.c:1106:26:SetSensorExposureHelper	8	static
../Core/Src/main.c:1084:26:SetSensorGainHelper	8	static
../Core/Src/main.c:1074:26:GetSensorInfoHelper	8	static
../Core/Src/main.c:104:5:EXTMEM_Init	0	static
../Core/Src/main.c:1144:6:Error_Handler	8	static
../Core/Src/main.c:218:6:SystemClock_Config	224	static
../Core/Src/main.c:312:6:PeriphCommonClock_Config	408	static
../Core/Src/main.c:108:5:main	64	static
../Core/Src/main.c:1163:6:assert_failed	0	static
