../Core/Src/npu_support_extended.c:18:6:LL_ATON_EnableUnits_Init	0	static
../Core/Src/npu_support_extended.c:25:6:LL_ATON_DisableUnits_Init	0	static
../Core/Src/npu_support_extended.c:35:9:LL_Switch_Deinit	0	static
../Core/Src/npu_support_extended.c:45:9:LL_ATON_RT_RuntimeInit	0	static
../Core/Src/npu_support_extended.c:52:9:LL_ATON_RT_RuntimeDeInit	0	static
../Core/Src/npu_support_extended.c:59:9:LL_ATON_RT_Init_Network	0	static
../Core/Src/npu_support_extended.c:66:9:LL_ATON_RT_DeInit_Network	0	static
../Core/Src/npu_support_extended.c:73:9:LL_ATON_RT_RunEpochBlock	0	static
../Core/Src/npu_support_extended.c:85:9:LL_ATON_LIB_Split	16	static
../Core/Src/npu_support_extended.c:100:9:LL_ATON_LIB_DMA_Transpose	8	static
../Core/Src/npu_support_extended.c:117:9:LL_Streng_TensorInit	0	static
../Core/Src/npu_support_extended.c:137:9:ll_sw_forward_activ	24	static
../Core/Src/npu_support_extended.c:187:9:ll_sw_forward_conv	16	static
../Core/Src/npu_support_extended.c:210:9:ll_sw_forward_softmax	32	static
../Core/Src/npu_support_extended.c:283:7:ai_yolo_deer_create	0	static
../Core/Src/npu_support_extended.c:290:9:ai_yolo_deer_init	0	static
../Core/Src/npu_support_extended.c:298:9:ai_yolo_deer_run	0	static
../Core/Src/npu_support_extended.c:307:9:ai_yolo_deer_get_info	0	static
